[colorlib.com/polygon/concept/index.html]
[colorlib.com/polygon/concept/assets/vendor/bootstrap/css/bootstrap.min.css]
[colorlib.com/polygon/concept/assets/vendor/fonts/circular-std/style.css]
[colorlib.com/polygon/concept/assets/libs/css/style.css]
[colorlib.com/polygon/concept/assets/vendor/fonts/fontawesome/css/fontawesome-all.css]
[colorlib.com/polygon/concept/assets/vendor/charts/chartist-bundle/chartist.css]
[colorlib.com/polygon/concept/assets/vendor/charts/morris-bundle/morris.css]
[colorlib.com/polygon/concept/assets/vendor/fonts/material-design-iconic-font/css/materialdesignicons.min.css]
[colorlib.com/polygon/concept/assets/vendor/charts/c3charts/c3.css]
[backblue.gif]
[fade.gif]
[index.html]
[colorlib.com/polygon/concept/assets/vendor/fonts/flag-icon-css/flag-icon.min.css]
[colorlib.com/polygon/concept/assets/images/avatar-2.jpg]
[colorlib.com/polygon/concept/assets/images/avatar-3.jpg]
[colorlib.com/polygon/concept/assets/images/avatar-4.jpg]
[colorlib.com/polygon/concept/assets/images/avatar-5.jpg]
[colorlib.com/polygon/concept/assets/images/github.png]
[colorlib.com/polygon/concept/assets/images/dribbble.png]
[colorlib.com/polygon/concept/assets/images/dropbox.png]
[colorlib.com/polygon/concept/assets/images/bitbucket.png]
[colorlib.com/polygon/concept/assets/images/mail_chimp.png]
[colorlib.com/polygon/concept/assets/images/slack.png]
[colorlib.com/polygon/concept/assets/images/avatar-1.jpg]
[colorlib.com/polygon/concept/ecommerce-product.html]
[colorlib.com/polygon/concept/ecommerce-product-single.html]
[colorlib.com/polygon/concept/ecommerce-product-checkout.html]
[colorlib.com/polygon/concept/dashboard-finance.html]
[colorlib.com/polygon/concept/dashboard-sales.html]
[colorlib.com/polygon/concept/dashboard-influencer.html]
[colorlib.com/polygon/concept/influencer-finder.html]
[colorlib.com/polygon/concept/influencer-profile.html]
[colorlib.com/polygon/concept/pages/cards.html]
[colorlib.com/polygon/concept/pages/general.html]
[colorlib.com/polygon/concept/pages/carousel.html]
[colorlib.com/polygon/concept/pages/listgroup.html]
[colorlib.com/polygon/concept/pages/typography.html]
[colorlib.com/polygon/concept/pages/accordions.html]
[colorlib.com/polygon/concept/pages/tabs.html]
[colorlib.com/polygon/concept/pages/chart-c3.html]
[colorlib.com/polygon/concept/pages/chart-chartist.html]
[colorlib.com/polygon/concept/pages/chart-charts.html]
[colorlib.com/polygon/concept/pages/chart-morris.html]
[colorlib.com/polygon/concept/pages/chart-sparkline.html]
[colorlib.com/polygon/concept/pages/chart-gauge.html]
[colorlib.com/polygon/concept/pages/form-elements.html]
[colorlib.com/polygon/concept/pages/form-validation.html]
[colorlib.com/polygon/concept/pages/multiselect.html]
[colorlib.com/polygon/concept/pages/datepicker.html]
[colorlib.com/polygon/concept/pages/bootstrap-select.html]
[colorlib.com/polygon/concept/pages/general-table.html]
[colorlib.com/polygon/concept/pages/data-tables.html]
[colorlib.com/polygon/concept/pages/blank-page.html]
[colorlib.com/polygon/concept/pages/blank-page-header.html]
[colorlib.com/polygon/concept/pages/login.html]
[colorlib.com/polygon/concept/pages/404-page.html]
[colorlib.com/polygon/concept/pages/sign-up.html]
[colorlib.com/polygon/concept/pages/forgot-password.html]
[colorlib.com/polygon/concept/pages/pricing.html]
[colorlib.com/polygon/concept/pages/timeline.html]
[colorlib.com/polygon/concept/pages/calendar.html]
[colorlib.com/polygon/concept/pages/sortable-nestable-lists.html]
[colorlib.com/polygon/concept/pages/widgets.html]
[colorlib.com/polygon/concept/pages/media-object.html]
[colorlib.com/polygon/concept/pages/cropper-image.html]
[colorlib.com/polygon/concept/pages/color-picker.html]
[colorlib.com/polygon/concept/pages/inbox.html]
[colorlib.com/polygon/concept/pages/email-details.html]
[colorlib.com/polygon/concept/pages/email-compose.html]
[colorlib.com/polygon/concept/pages/message-chat.html]
[colorlib.com/polygon/concept/pages/icon-fontawesome.html]
[colorlib.com/polygon/concept/pages/icon-material.html]
[colorlib.com/polygon/concept/pages/icon-simple-lineicon.html]
[colorlib.com/polygon/concept/pages/icon-themify.html]
[colorlib.com/polygon/concept/pages/icon-flag.html]
[colorlib.com/polygon/concept/pages/icon-weather.html]
[colorlib.com/polygon/concept/pages/map-google.html]
[colorlib.com/polygon/concept/pages/map-vector.html]
[colorlib.com/polygon/concept/assets/images/product-pic.jpg]
[colorlib.com/polygon/concept/assets/images/product-pic-2.jpg]
[colorlib.com/polygon/concept/assets/images/product-pic-3.jpg]
[colorlib.com/polygon/concept/assets/images/product-pic-4.jpg]
[colorlib.com/polygon/concept/assets/vendor/jquery/jquery-3.3.1.min.js]
[colorlib.com/polygon/concept/assets/vendor/bootstrap/js/bootstrap.bundle.js]
[colorlib.com/polygon/concept/assets/vendor/slimscroll/jquery.slimscroll.js]
[colorlib.com/polygon/concept/assets/libs/js/main-js.js]
[colorlib.com/polygon/concept/assets/vendor/charts/chartist-bundle/chartist.min.js]
[colorlib.com/polygon/concept/assets/vendor/charts/sparkline/jquery.sparkline.js]
[colorlib.com/polygon/concept/assets/vendor/charts/morris-bundle/raphael.min.js]
[colorlib.com/polygon/concept/assets/vendor/charts/morris-bundle/morris.js]
[colorlib.com/polygon/concept/assets/vendor/charts/c3charts/c3.min.js]
[colorlib.com/polygon/concept/assets/vendor/charts/c3charts/d3-5.4.0.min.js]
[colorlib.com/polygon/concept/assets/vendor/charts/c3charts/C3chartjs.js]
[colorlib.com/polygon/concept/assets/libs/js/dashboard-ecommerce.js]
[colorlib.com/polygon/concept/index.html]
[colorlib.com/polygon/concept/assets/vendor/bootstrap/css/bootstrap.min.css]
[static.cloudflareinsights.com/beacon.min.js]
[colorlib.com/polygon/concept/assets/vendor/fonts/circular-std/CircularStd-Black.woff]
[colorlib.com/polygon/concept/assets/vendor/fonts/circular-std/CircularStd-Book.woff]
[colorlib.com/polygon/concept/assets/vendor/fonts/circular-std/CircularStd-Medium.woff]
[colorlib.com/polygon/concept/assets/vendor/fonts/circular-std/CircularStd-BlackItalic.woff]
[colorlib.com/polygon/concept/assets/vendor/fonts/circular-std/CircularStd-Bold.woff]
[colorlib.com/polygon/concept/assets/vendor/fonts/circular-std/CircularStd-BoldItalic.woff]
[colorlib.com/polygon/concept/assets/vendor/fonts/circular-std/CircularStd-BookItalic.woff]
[colorlib.com/polygon/concept/assets/vendor/fonts/circular-std/style.css]
[colorlib.com/polygon/concept/assets/vendor/fonts/circular-std/CircularStd-MediumItalic.woff]
[colorlib.com/polygon/concept/assets/images/down-arrow.png]
[colorlib.com/polygon/concept/assets/images/drag-indicator.png]
[colorlib.com/polygon/concept/assets/libs/css/style.css]
[colorlib.com/polygon/concept/assets/assets/images/background/img5.html]
[colorlib.com/polygon/concept/assets/vendor/fonts/fontawesome/webfonts/fa-brands-400.eot]
[colorlib.com/polygon/concept/assets/vendor/fonts/fontawesome/webfonts/fa-brands-400d41dd41d.eot]
[colorlib.com/polygon/concept/assets/vendor/fonts/fontawesome/webfonts/fa-brands-400.html]
[colorlib.com/polygon/concept/assets/vendor/fonts/fontawesome/webfonts/fa-brands-400.woff]
[colorlib.com/polygon/concept/assets/vendor/fonts/fontawesome/webfonts/fa-brands-400.ttf]
[colorlib.com/polygon/concept/assets/vendor/fonts/fontawesome/webfonts/fa-brands-400.svg]
[colorlib.com/polygon/concept/assets/vendor/fonts/fontawesome/webfonts/fa-regular-400.eot]
[colorlib.com/polygon/concept/assets/vendor/fonts/fontawesome/webfonts/fa-regular-400d41dd41d.eot]
[colorlib.com/polygon/concept/assets/vendor/fonts/fontawesome/webfonts/fa-regular-400.html]
[colorlib.com/polygon/concept/assets/vendor/fonts/fontawesome/webfonts/fa-regular-400.woff]
[colorlib.com/polygon/concept/assets/vendor/fonts/fontawesome/webfonts/fa-regular-400.ttf]
[colorlib.com/polygon/concept/assets/vendor/fonts/fontawesome/webfonts/fa-regular-400.svg]
[colorlib.com/polygon/concept/assets/vendor/fonts/fontawesome/webfonts/fa-solid-900.eot]
[colorlib.com/polygon/concept/assets/vendor/fonts/fontawesome/webfonts/fa-solid-900d41dd41d.eot]
[colorlib.com/polygon/concept/assets/vendor/fonts/fontawesome/webfonts/fa-solid-900.html]
[colorlib.com/polygon/concept/assets/vendor/fonts/fontawesome/webfonts/fa-solid-900.woff]
[colorlib.com/polygon/concept/assets/vendor/fonts/fontawesome/webfonts/fa-solid-900.ttf]
[colorlib.com/polygon/concept/assets/vendor/fonts/fontawesome/css/fontawesome-all.css]
[colorlib.com/polygon/concept/assets/vendor/charts/chartist-bundle/chartist.css]
[colorlib.com/polygon/concept/assets/vendor/charts/morris-bundle/morris.css]
[colorlib.com/polygon/concept/assets/vendor/fonts/fontawesome/webfonts/fa-solid-900.svg]
[colorlib.com/polygon/concept/assets/vendor/fonts/material-design-iconic-font/fonts/materialdesignicons-webfontdc99dc99.eot]
[colorlib.com/polygon/concept/assets/vendor/fonts/material-design-iconic-font/fonts/materialdesignicons-webfontd41dd41d.eot]
[colorlib.com/polygon/concept/assets/vendor/fonts/material-design-iconic-font/fonts/materialdesignicons-webfontdc99dc99.html]
[colorlib.com/polygon/concept/assets/vendor/fonts/material-design-iconic-font/fonts/materialdesignicons-webfontdc99dc99.woff]
[colorlib.com/polygon/concept/assets/vendor/fonts/material-design-iconic-font/fonts/materialdesignicons-webfontdc99dc99.ttf]
[colorlib.com/polygon/concept/assets/vendor/fonts/material-design-iconic-font/css/materialdesignicons.min.css]
[colorlib.com/polygon/concept/assets/vendor/charts/c3charts/c3.css]
[colorlib.com/polygon/concept/assets/vendor/fonts/material-design-iconic-font/fonts/materialdesignicons-webfontdc99dc99.svg]
[colorlib.com/polygon/concept/assets/vendor/fonts/flag-icon-css/flags/ad.svg]
[colorlib.com/polygon/concept/assets/vendor/fonts/flag-icon-css/flags/ae.svg]
[colorlib.com/polygon/concept/assets/vendor/fonts/flag-icon-css/flags/af.svg]
[colorlib.com/polygon/concept/assets/vendor/fonts/flag-icon-css/flags/ag.svg]
[colorlib.com/polygon/concept/assets/vendor/fonts/flag-icon-css/flags/ai.svg]
[colorlib.com/polygon/concept/assets/vendor/fonts/flag-icon-css/flags/al.svg]
[colorlib.com/polygon/concept/assets/vendor/fonts/flag-icon-css/flags/am.svg]
[colorlib.com/polygon/concept/assets/vendor/fonts/flag-icon-css/flags/ao.svg]
[colorlib.com/polygon/concept/assets/vendor/fonts/flag-icon-css/flags/aq.svg]
[colorlib.com/polygon/concept/assets/vendor/fonts/flag-icon-css/flags/ar.svg]
[colorlib.com/polygon/concept/assets/vendor/fonts/flag-icon-css/flags/as.svg]
[colorlib.com/polygon/concept/assets/vendor/fonts/flag-icon-css/flags/at.svg]
[colorlib.com/polygon/concept/assets/vendor/fonts/flag-icon-css/flags/au.svg]
[colorlib.com/polygon/concept/assets/vendor/fonts/flag-icon-css/flags/aw.svg]
[colorlib.com/polygon/concept/assets/vendor/fonts/flag-icon-css/flags/ax.svg]
[colorlib.com/polygon/concept/assets/vendor/fonts/flag-icon-css/flags/az.svg]
[colorlib.com/polygon/concept/assets/vendor/fonts/flag-icon-css/flags/ba.svg]
[colorlib.com/polygon/concept/assets/vendor/fonts/flag-icon-css/flags/bb.svg]
[colorlib.com/polygon/concept/assets/vendor/fonts/flag-icon-css/flags/bd.svg]
[colorlib.com/polygon/concept/assets/vendor/fonts/flag-icon-css/flags/be.svg]
[colorlib.com/polygon/concept/assets/vendor/fonts/flag-icon-css/flags/bf.svg]
[colorlib.com/polygon/concept/assets/vendor/fonts/flag-icon-css/flags/bg.svg]
[colorlib.com/polygon/concept/assets/vendor/fonts/flag-icon-css/flags/bh.svg]
[colorlib.com/polygon/concept/assets/vendor/fonts/flag-icon-css/flags/bi.svg]
[colorlib.com/polygon/concept/assets/vendor/fonts/flag-icon-css/flags/bj.svg]
[colorlib.com/polygon/concept/assets/vendor/fonts/flag-icon-css/flags/bl.svg]
[colorlib.com/polygon/concept/assets/vendor/fonts/flag-icon-css/flags/bm.svg]
[colorlib.com/polygon/concept/assets/vendor/fonts/flag-icon-css/flags/bn.svg]
[colorlib.com/polygon/concept/assets/vendor/fonts/flag-icon-css/flags/bo.svg]
[colorlib.com/polygon/concept/assets/vendor/fonts/flag-icon-css/flags/bq.svg]
[colorlib.com/polygon/concept/assets/vendor/fonts/flag-icon-css/flags/br.svg]
[colorlib.com/polygon/concept/assets/vendor/fonts/flag-icon-css/flags/bs.svg]
[colorlib.com/polygon/concept/assets/vendor/fonts/flag-icon-css/flags/bt.svg]
[colorlib.com/polygon/concept/assets/vendor/fonts/flag-icon-css/flags/bv.svg]
[colorlib.com/polygon/concept/assets/vendor/fonts/flag-icon-css/flags/bw.svg]
[colorlib.com/polygon/concept/assets/vendor/fonts/flag-icon-css/flags/by.svg]
[colorlib.com/polygon/concept/assets/vendor/fonts/flag-icon-css/flags/bz.svg]
[colorlib.com/polygon/concept/assets/vendor/fonts/flag-icon-css/flags/ca.svg]
[colorlib.com/polygon/concept/assets/vendor/fonts/flag-icon-css/flags/cc.svg]
[colorlib.com/polygon/concept/assets/vendor/fonts/flag-icon-css/flags/cd.svg]
[colorlib.com/polygon/concept/assets/vendor/fonts/flag-icon-css/flags/cf.svg]
[colorlib.com/polygon/concept/assets/vendor/fonts/flag-icon-css/flags/cg.svg]
[colorlib.com/polygon/concept/assets/vendor/fonts/flag-icon-css/flags/ch.svg]
[colorlib.com/polygon/concept/assets/vendor/fonts/flag-icon-css/flags/ci.svg]
[colorlib.com/polygon/concept/assets/vendor/fonts/flag-icon-css/flags/ck.svg]
[colorlib.com/polygon/concept/assets/vendor/fonts/flag-icon-css/flags/cl.svg]
[colorlib.com/polygon/concept/assets/vendor/fonts/flag-icon-css/flags/cm.svg]
[colorlib.com/polygon/concept/assets/vendor/fonts/flag-icon-css/flags/cn.svg]
[colorlib.com/polygon/concept/assets/vendor/fonts/flag-icon-css/flags/co.svg]
[colorlib.com/polygon/concept/assets/vendor/fonts/flag-icon-css/flags/cr.svg]
[colorlib.com/polygon/concept/assets/vendor/fonts/flag-icon-css/flags/cu.svg]
[colorlib.com/polygon/concept/assets/vendor/fonts/flag-icon-css/flags/cv.svg]
[colorlib.com/polygon/concept/assets/vendor/fonts/flag-icon-css/flags/cw.svg]
[colorlib.com/polygon/concept/assets/vendor/fonts/flag-icon-css/flags/cx.svg]
[colorlib.com/polygon/concept/assets/vendor/fonts/flag-icon-css/flags/cy.svg]
[colorlib.com/polygon/concept/assets/vendor/fonts/flag-icon-css/flags/cz.svg]
[colorlib.com/polygon/concept/assets/vendor/fonts/flag-icon-css/flags/de.svg]
[colorlib.com/polygon/concept/assets/vendor/fonts/flag-icon-css/flags/dj.svg]
[colorlib.com/polygon/concept/assets/vendor/fonts/flag-icon-css/flags/dk.svg]
[colorlib.com/polygon/concept/assets/vendor/fonts/flag-icon-css/flags/dm.svg]
[colorlib.com/polygon/concept/assets/vendor/fonts/flag-icon-css/flags/do.svg]
[colorlib.com/polygon/concept/assets/vendor/fonts/flag-icon-css/flags/dz.svg]
[colorlib.com/polygon/concept/assets/vendor/fonts/flag-icon-css/flags/ec.svg]
[colorlib.com/polygon/concept/assets/vendor/fonts/flag-icon-css/flags/ee.svg]
[colorlib.com/polygon/concept/assets/vendor/fonts/flag-icon-css/flags/eg.svg]
[colorlib.com/polygon/concept/assets/vendor/fonts/flag-icon-css/flags/eh.svg]
[colorlib.com/polygon/concept/assets/vendor/fonts/flag-icon-css/flags/er.svg]
[colorlib.com/polygon/concept/assets/vendor/fonts/flag-icon-css/flags/es.svg]
[colorlib.com/polygon/concept/assets/vendor/fonts/flag-icon-css/flags/et.svg]
[colorlib.com/polygon/concept/assets/vendor/fonts/flag-icon-css/flags/fi.svg]
[colorlib.com/polygon/concept/assets/vendor/fonts/flag-icon-css/flags/fj.svg]
[colorlib.com/polygon/concept/assets/vendor/fonts/flag-icon-css/flags/fk.svg]
[colorlib.com/polygon/concept/assets/vendor/fonts/flag-icon-css/flags/fm.svg]
[colorlib.com/polygon/concept/assets/vendor/fonts/flag-icon-css/flags/fo.svg]
[colorlib.com/polygon/concept/assets/vendor/fonts/flag-icon-css/flags/fr.svg]
[colorlib.com/polygon/concept/assets/vendor/fonts/flag-icon-css/flags/ga.svg]
[colorlib.com/polygon/concept/assets/vendor/fonts/flag-icon-css/flags/gb.svg]
[colorlib.com/polygon/concept/assets/vendor/fonts/flag-icon-css/flags/gd.svg]
[colorlib.com/polygon/concept/assets/vendor/fonts/flag-icon-css/flags/ge.svg]
[colorlib.com/polygon/concept/assets/vendor/fonts/flag-icon-css/flags/gf.svg]
[colorlib.com/polygon/concept/assets/vendor/fonts/flag-icon-css/flags/gg.svg]
[colorlib.com/polygon/concept/assets/vendor/fonts/flag-icon-css/flags/gh.svg]
[colorlib.com/polygon/concept/assets/vendor/fonts/flag-icon-css/flags/gi.svg]
[colorlib.com/polygon/concept/assets/vendor/fonts/flag-icon-css/flags/gl.svg]
[colorlib.com/polygon/concept/assets/vendor/fonts/flag-icon-css/flags/gm.svg]
[colorlib.com/polygon/concept/assets/vendor/fonts/flag-icon-css/flags/gn.svg]
[colorlib.com/polygon/concept/assets/vendor/fonts/flag-icon-css/flags/gp.svg]
[colorlib.com/polygon/concept/assets/vendor/fonts/flag-icon-css/flags/gq.svg]
[colorlib.com/polygon/concept/assets/vendor/fonts/flag-icon-css/flags/gr.svg]
[colorlib.com/polygon/concept/assets/vendor/fonts/flag-icon-css/flags/gs.svg]
[colorlib.com/polygon/concept/assets/vendor/fonts/flag-icon-css/flags/gt.svg]
[colorlib.com/polygon/concept/assets/vendor/fonts/flag-icon-css/flags/gu.svg]
[colorlib.com/polygon/concept/assets/vendor/fonts/flag-icon-css/flags/gw.svg]
[colorlib.com/polygon/concept/assets/vendor/fonts/flag-icon-css/flags/gy.svg]
[colorlib.com/polygon/concept/assets/vendor/fonts/flag-icon-css/flags/hk.svg]
[colorlib.com/polygon/concept/assets/vendor/fonts/flag-icon-css/flags/hm.svg]
[colorlib.com/polygon/concept/assets/vendor/fonts/flag-icon-css/flags/hn.svg]
[colorlib.com/polygon/concept/assets/vendor/fonts/flag-icon-css/flags/hr.svg]
[colorlib.com/polygon/concept/assets/vendor/fonts/flag-icon-css/flags/ht.svg]
[colorlib.com/polygon/concept/assets/vendor/fonts/flag-icon-css/flags/hu.svg]
[colorlib.com/polygon/concept/assets/vendor/fonts/flag-icon-css/flags/id.svg]
[colorlib.com/polygon/concept/assets/vendor/fonts/flag-icon-css/flags/ie.svg]
[colorlib.com/polygon/concept/assets/vendor/fonts/flag-icon-css/flags/il.svg]
[colorlib.com/polygon/concept/assets/vendor/fonts/flag-icon-css/flags/im.svg]
[colorlib.com/polygon/concept/assets/vendor/fonts/flag-icon-css/flags/in.svg]
[colorlib.com/polygon/concept/assets/vendor/fonts/flag-icon-css/flags/io.svg]
[colorlib.com/polygon/concept/assets/vendor/fonts/flag-icon-css/flags/iq.svg]
[colorlib.com/polygon/concept/assets/vendor/fonts/flag-icon-css/flags/ir.svg]
[colorlib.com/polygon/concept/assets/vendor/fonts/flag-icon-css/flags/is.svg]
[colorlib.com/polygon/concept/assets/vendor/fonts/flag-icon-css/flags/it.svg]
[colorlib.com/polygon/concept/assets/vendor/fonts/flag-icon-css/flags/je.svg]
[colorlib.com/polygon/concept/assets/vendor/fonts/flag-icon-css/flags/jm.svg]
[colorlib.com/polygon/concept/assets/vendor/fonts/flag-icon-css/flags/jo.svg]
[colorlib.com/polygon/concept/assets/vendor/fonts/flag-icon-css/flags/jp.svg]
[colorlib.com/polygon/concept/assets/vendor/fonts/flag-icon-css/flags/ke.svg]
[colorlib.com/polygon/concept/assets/vendor/fonts/flag-icon-css/flags/kg.svg]
[colorlib.com/polygon/concept/assets/vendor/fonts/flag-icon-css/flags/kh.svg]
[colorlib.com/polygon/concept/assets/vendor/fonts/flag-icon-css/flags/ki.svg]
[colorlib.com/polygon/concept/assets/vendor/fonts/flag-icon-css/flags/km.svg]
[colorlib.com/polygon/concept/assets/vendor/fonts/flag-icon-css/flags/kn.svg]
[colorlib.com/polygon/concept/assets/vendor/fonts/flag-icon-css/flags/kp.svg]
[colorlib.com/polygon/concept/assets/vendor/fonts/flag-icon-css/flags/kr.svg]
[colorlib.com/polygon/concept/assets/vendor/fonts/flag-icon-css/flags/kw.svg]
[colorlib.com/polygon/concept/assets/vendor/fonts/flag-icon-css/flags/ky.svg]
[colorlib.com/polygon/concept/assets/vendor/fonts/flag-icon-css/flags/kz.svg]
[colorlib.com/polygon/concept/assets/vendor/fonts/flag-icon-css/flags/la.svg]
[colorlib.com/polygon/concept/assets/vendor/fonts/flag-icon-css/flags/lb.svg]
[colorlib.com/polygon/concept/assets/vendor/fonts/flag-icon-css/flags/lc.svg]
[colorlib.com/polygon/concept/assets/vendor/fonts/flag-icon-css/flags/li.svg]
[colorlib.com/polygon/concept/assets/vendor/fonts/flag-icon-css/flags/lk.svg]
[colorlib.com/polygon/concept/assets/vendor/fonts/flag-icon-css/flags/lr.svg]
[colorlib.com/polygon/concept/assets/vendor/fonts/flag-icon-css/flags/ls.svg]
[colorlib.com/polygon/concept/assets/vendor/fonts/flag-icon-css/flags/lt.svg]
[colorlib.com/polygon/concept/assets/vendor/fonts/flag-icon-css/flags/lu.svg]
[colorlib.com/polygon/concept/assets/vendor/fonts/flag-icon-css/flags/lv.svg]
[colorlib.com/polygon/concept/assets/vendor/fonts/flag-icon-css/flags/ly.svg]
[colorlib.com/polygon/concept/assets/vendor/fonts/flag-icon-css/flags/ma.svg]
[colorlib.com/polygon/concept/assets/vendor/fonts/flag-icon-css/flags/mc.svg]
[colorlib.com/polygon/concept/assets/vendor/fonts/flag-icon-css/flags/md.svg]
[colorlib.com/polygon/concept/assets/vendor/fonts/flag-icon-css/flags/me.svg]
[colorlib.com/polygon/concept/assets/vendor/fonts/flag-icon-css/flags/mf.svg]
[colorlib.com/polygon/concept/assets/vendor/fonts/flag-icon-css/flags/mg.svg]
[colorlib.com/polygon/concept/assets/vendor/fonts/flag-icon-css/flags/mh.svg]
[colorlib.com/polygon/concept/assets/vendor/fonts/flag-icon-css/flags/mk.svg]
[colorlib.com/polygon/concept/assets/vendor/fonts/flag-icon-css/flags/ml.svg]
[colorlib.com/polygon/concept/assets/vendor/fonts/flag-icon-css/flags/mm.svg]
[colorlib.com/polygon/concept/assets/vendor/fonts/flag-icon-css/flags/mn.svg]
[colorlib.com/polygon/concept/assets/vendor/fonts/flag-icon-css/flags/mo.svg]
[colorlib.com/polygon/concept/assets/vendor/fonts/flag-icon-css/flags/mp.svg]
[colorlib.com/polygon/concept/assets/vendor/fonts/flag-icon-css/flags/mq.svg]
[colorlib.com/polygon/concept/assets/vendor/fonts/flag-icon-css/flags/mr.svg]
[colorlib.com/polygon/concept/assets/vendor/fonts/flag-icon-css/flags/ms.svg]
[colorlib.com/polygon/concept/assets/vendor/fonts/flag-icon-css/flags/mt.svg]
[colorlib.com/polygon/concept/assets/vendor/fonts/flag-icon-css/flags/mu.svg]
[colorlib.com/polygon/concept/assets/vendor/fonts/flag-icon-css/flags/mv.svg]
[colorlib.com/polygon/concept/assets/vendor/fonts/flag-icon-css/flags/mw.svg]
[colorlib.com/polygon/concept/assets/vendor/fonts/flag-icon-css/flags/mx.svg]
[colorlib.com/polygon/concept/assets/vendor/fonts/flag-icon-css/flags/my.svg]
[colorlib.com/polygon/concept/assets/vendor/fonts/flag-icon-css/flags/mz.svg]
[colorlib.com/polygon/concept/assets/vendor/fonts/flag-icon-css/flags/na.svg]
[colorlib.com/polygon/concept/assets/vendor/fonts/flag-icon-css/flags/nc.svg]
[colorlib.com/polygon/concept/assets/vendor/fonts/flag-icon-css/flags/ne.svg]
[colorlib.com/polygon/concept/assets/vendor/fonts/flag-icon-css/flags/nf.svg]
[colorlib.com/polygon/concept/assets/vendor/fonts/flag-icon-css/flags/ng.svg]
[colorlib.com/polygon/concept/assets/vendor/fonts/flag-icon-css/flags/ni.svg]
[colorlib.com/polygon/concept/assets/vendor/fonts/flag-icon-css/flags/nl.svg]
[colorlib.com/polygon/concept/assets/vendor/fonts/flag-icon-css/flags/no.svg]
[colorlib.com/polygon/concept/assets/vendor/fonts/flag-icon-css/flags/np.svg]
[colorlib.com/polygon/concept/assets/vendor/fonts/flag-icon-css/flags/nr.svg]
[colorlib.com/polygon/concept/assets/vendor/fonts/flag-icon-css/flags/nu.svg]
[colorlib.com/polygon/concept/assets/vendor/fonts/flag-icon-css/flags/nz.svg]
[colorlib.com/polygon/concept/assets/vendor/fonts/flag-icon-css/flags/om.svg]
[colorlib.com/polygon/concept/assets/vendor/fonts/flag-icon-css/flags/pa.svg]
[colorlib.com/polygon/concept/assets/vendor/fonts/flag-icon-css/flags/pe.svg]
[colorlib.com/polygon/concept/assets/vendor/fonts/flag-icon-css/flags/pf.svg]
[colorlib.com/polygon/concept/assets/vendor/fonts/flag-icon-css/flags/pg.svg]
[colorlib.com/polygon/concept/assets/vendor/fonts/flag-icon-css/flags/ph.svg]
[colorlib.com/polygon/concept/assets/vendor/fonts/flag-icon-css/flags/pk.svg]
[colorlib.com/polygon/concept/assets/vendor/fonts/flag-icon-css/flags/pl.svg]
[colorlib.com/polygon/concept/assets/vendor/fonts/flag-icon-css/flags/pm.svg]
[colorlib.com/polygon/concept/assets/vendor/fonts/flag-icon-css/flags/pn.svg]
[colorlib.com/polygon/concept/assets/vendor/fonts/flag-icon-css/flags/pr.svg]
[colorlib.com/polygon/concept/assets/vendor/fonts/flag-icon-css/flags/ps.svg]
[colorlib.com/polygon/concept/assets/vendor/fonts/flag-icon-css/flags/pt.svg]
[colorlib.com/polygon/concept/assets/vendor/fonts/flag-icon-css/flags/pw.svg]
[colorlib.com/polygon/concept/assets/vendor/fonts/flag-icon-css/flags/py.svg]
[colorlib.com/polygon/concept/assets/vendor/fonts/flag-icon-css/flags/qa.svg]
[colorlib.com/polygon/concept/assets/vendor/fonts/flag-icon-css/flags/re.svg]
[colorlib.com/polygon/concept/assets/vendor/fonts/flag-icon-css/flags/ro.svg]
[colorlib.com/polygon/concept/assets/vendor/fonts/flag-icon-css/flags/ru.svg]
[colorlib.com/polygon/concept/assets/vendor/fonts/flag-icon-css/flags/rs.svg]
[colorlib.com/polygon/concept/assets/vendor/fonts/flag-icon-css/flags/rw.svg]
[colorlib.com/polygon/concept/assets/vendor/fonts/flag-icon-css/flags/sa.svg]
[colorlib.com/polygon/concept/assets/vendor/fonts/flag-icon-css/flags/sb.svg]
[colorlib.com/polygon/concept/assets/vendor/fonts/flag-icon-css/flags/sc.svg]
[colorlib.com/polygon/concept/assets/vendor/fonts/flag-icon-css/flags/sd.svg]
[colorlib.com/polygon/concept/assets/vendor/fonts/flag-icon-css/flags/se.svg]
[colorlib.com/polygon/concept/assets/vendor/fonts/flag-icon-css/flags/sg.svg]
[colorlib.com/polygon/concept/assets/vendor/fonts/flag-icon-css/flags/sh.svg]
[colorlib.com/polygon/concept/assets/vendor/fonts/flag-icon-css/flags/si.svg]
[colorlib.com/polygon/concept/assets/vendor/fonts/flag-icon-css/flags/sj.svg]
[colorlib.com/polygon/concept/assets/vendor/fonts/flag-icon-css/flags/sk.svg]
[colorlib.com/polygon/concept/assets/vendor/fonts/flag-icon-css/flags/sl.svg]
[colorlib.com/polygon/concept/assets/vendor/fonts/flag-icon-css/flags/sm.svg]
[colorlib.com/polygon/concept/assets/vendor/fonts/flag-icon-css/flags/sn.svg]
[colorlib.com/polygon/concept/assets/vendor/fonts/flag-icon-css/flags/so.svg]
[colorlib.com/polygon/concept/assets/vendor/fonts/flag-icon-css/flags/sr.svg]
[colorlib.com/polygon/concept/assets/vendor/fonts/flag-icon-css/flags/ss.svg]
[colorlib.com/polygon/concept/assets/vendor/fonts/flag-icon-css/flags/st.svg]
[colorlib.com/polygon/concept/assets/vendor/fonts/flag-icon-css/flags/sv.svg]
[colorlib.com/polygon/concept/assets/vendor/fonts/flag-icon-css/flags/sx.svg]
[colorlib.com/polygon/concept/assets/vendor/fonts/flag-icon-css/flags/sy.svg]
[colorlib.com/polygon/concept/assets/vendor/fonts/flag-icon-css/flags/sz.svg]
[colorlib.com/polygon/concept/assets/vendor/fonts/flag-icon-css/flags/tc.svg]
[colorlib.com/polygon/concept/assets/vendor/fonts/flag-icon-css/flags/td.svg]
[colorlib.com/polygon/concept/assets/vendor/fonts/flag-icon-css/flags/tf.svg]
[colorlib.com/polygon/concept/assets/vendor/fonts/flag-icon-css/flags/tg.svg]
[colorlib.com/polygon/concept/assets/vendor/fonts/flag-icon-css/flags/th.svg]
[colorlib.com/polygon/concept/assets/vendor/fonts/flag-icon-css/flags/tj.svg]
[colorlib.com/polygon/concept/assets/vendor/fonts/flag-icon-css/flags/tk.svg]
[colorlib.com/polygon/concept/assets/vendor/fonts/flag-icon-css/flags/tl.svg]
[colorlib.com/polygon/concept/assets/vendor/fonts/flag-icon-css/flags/tm.svg]
[colorlib.com/polygon/concept/assets/vendor/fonts/flag-icon-css/flags/tn.svg]
[colorlib.com/polygon/concept/assets/vendor/fonts/flag-icon-css/flags/to.svg]
[colorlib.com/polygon/concept/assets/vendor/fonts/flag-icon-css/flags/tr.svg]
[colorlib.com/polygon/concept/assets/vendor/fonts/flag-icon-css/flags/tt.svg]
[colorlib.com/polygon/concept/assets/vendor/fonts/flag-icon-css/flags/tv.svg]
[colorlib.com/polygon/concept/assets/vendor/fonts/flag-icon-css/flags/tw.svg]
[colorlib.com/polygon/concept/assets/vendor/fonts/flag-icon-css/flags/tz.svg]
[colorlib.com/polygon/concept/assets/vendor/fonts/flag-icon-css/flags/ua.svg]
[colorlib.com/polygon/concept/assets/vendor/fonts/flag-icon-css/flags/ug.svg]
[colorlib.com/polygon/concept/assets/vendor/fonts/flag-icon-css/flags/um.svg]
[colorlib.com/polygon/concept/assets/vendor/fonts/flag-icon-css/flags/us.svg]
[colorlib.com/polygon/concept/assets/vendor/fonts/flag-icon-css/flags/uy.svg]
[colorlib.com/polygon/concept/assets/vendor/fonts/flag-icon-css/flags/uz.svg]
[colorlib.com/polygon/concept/assets/vendor/fonts/flag-icon-css/flags/va.svg]
[colorlib.com/polygon/concept/assets/vendor/fonts/flag-icon-css/flags/vc.svg]
[colorlib.com/polygon/concept/assets/vendor/fonts/flag-icon-css/flags/ve.svg]
[colorlib.com/polygon/concept/assets/vendor/fonts/flag-icon-css/flags/vg.svg]
[colorlib.com/polygon/concept/assets/vendor/fonts/flag-icon-css/flags/vi.svg]
[colorlib.com/polygon/concept/assets/vendor/fonts/flag-icon-css/flags/vn.svg]
[colorlib.com/polygon/concept/assets/vendor/fonts/flag-icon-css/flags/vu.svg]
[colorlib.com/polygon/concept/assets/vendor/fonts/flag-icon-css/flags/wf.svg]
[colorlib.com/polygon/concept/assets/vendor/fonts/flag-icon-css/flags/ws.svg]
[colorlib.com/polygon/concept/assets/vendor/fonts/flag-icon-css/flags/ye.svg]
[colorlib.com/polygon/concept/assets/vendor/fonts/flag-icon-css/flags/yt.svg]
[colorlib.com/polygon/concept/assets/vendor/fonts/flag-icon-css/flags/za.svg]
[colorlib.com/polygon/concept/assets/vendor/fonts/flag-icon-css/flags/zm.svg]
[colorlib.com/polygon/concept/assets/vendor/fonts/flag-icon-css/flag-icon.min.css]
[colorlib.com/polygon/concept/assets/vendor/fonts/flag-icon-css/flags/zw.svg]
[colorlib.com/polygon/concept/assets/images/eco-product-img-1.png]
[colorlib.com/polygon/concept/assets/images/eco-product-img-2.png]
[colorlib.com/polygon/concept/assets/images/eco-product-img-3.png]
[colorlib.com/polygon/concept/assets/images/eco-product-img-4.png]
[colorlib.com/polygon/concept/ecommerce-product.html]
[colorlib.com/polygon/concept/assets/images/eco-slider-img-1.png]
[colorlib.com/polygon/concept/assets/images/eco-slider-img-2.png]
[colorlib.com/polygon/concept/assets/images/eco-slider-img-3.png]
[colorlib.com/polygon/concept/ecommerce-product-single.html]
[colorlib.com/polygon/concept/ecommerce-product-checkout.html]
[colorlib.com/polygon/concept/assets/vendor/vector-map/jqvmap.css]
[colorlib.com/polygon/concept/assets/vendor/jvectormap/jquery-jvectormap-2.0.2.css]
[colorlib.com/polygon/concept/assets/vendor/daterangepicker/daterangepicker.css]
[colorlib.com/polygon/concept/assets/vendor/charts/chartist-bundle/Chartistjs.js]
[colorlib.com/polygon/concept/assets/vendor/charts/chartist-bundle/chartist-plugin-threshold.js]
[colorlib.com/polygon/concept/assets/vendor/charts/charts-bundle/Chart.bundle.js]
[colorlib.com/polygon/concept/assets/vendor/charts/charts-bundle/chartjs.js]
[colorlib.com/polygon/concept/assets/libs/js/dashboard-finance.js]
[colorlib.com/polygon/concept/assets/vendor/gauge/gauge.min.js]
[colorlib.com/polygon/concept/assets/vendor/charts/morris-bundle/morrisjs.html]
[colorlib.com/cdn.jsdelivr.net/momentjs/latest/moment.min.js]
[colorlib.com/cdn.jsdelivr.net/npm/daterangepicker/daterangepicker.min.js]
[colorlib.com/polygon/concept/dashboard-finance.html]
[colorlib.com/polygon/concept/assets/vendor/jvectormap/jquery-jvectormap-2.0.2.min.js]
[colorlib.com/polygon/concept/assets/vendor/jvectormap/jquery-jvectormap-world-mill-en.js]
[colorlib.com/polygon/concept/assets/vendor/charts/sparkline/spark-js.js]
[colorlib.com/polygon/concept/dashboard-sales.html]
[colorlib.com/polygon/concept/assets/libs/js/dashboard-sales.js]
[colorlib.com/polygon/concept/dashboard-influencer.html]
[colorlib.com/polygon/concept/influencer-finder.html]
[colorlib.com/polygon/concept/assets/libs/js/dashboard-influencer.js]
[colorlib.com/polygon/concept/influencer-profile.html]
[colorlib.com/cdn-cgi/scripts/5c5dd728/cloudflare-static/email-decode.min.js]
[colorlib.com/polygon/concept/pages/index.html]
[colorlib.com/polygon/concept/pages/invoice.html]
[colorlib.com/polygon/concept/assets/images/card-img.jpg]
[colorlib.com/polygon/concept/assets/images/card-img-1.jpg]
[colorlib.com/polygon/concept/pages/cards.html]
[colorlib.com/polygon/concept/pages/general.html]
[colorlib.com/polygon/concept/assets/images/card-img-2.jpg]
[colorlib.com/polygon/concept/assets/images/card-img-3.jpg]
[colorlib.com/polygon/concept/pages/carousel.html]
[colorlib.com/polygon/concept/pages/listgroup.html]
[colorlib.com/polygon/concept/pages/typography.html]
[colorlib.com/polygon/concept/pages/accordions.html]
[colorlib.com/polygon/concept/pages/tabs.html]
[colorlib.com/polygon/concept/pages/chart-c3.html]
[colorlib.com/polygon/concept/pages/chart-chartist.html]
[colorlib.com/polygon/concept/pages/chart-charts.html]
[colorlib.com/polygon/concept/pages/chart-morris.html]
[colorlib.com/polygon/concept/pages/chart-sparkline.html]
[colorlib.com/polygon/concept/assets/vendor/charts/morris-bundle/Morrisjs.js]
[colorlib.com/polygon/concept/pages/chart-gauge.html]
[colorlib.com/polygon/concept/assets/vendor/gauge/gauge.js]
[colorlib.com/polygon/concept/assets/vendor/datepicker/tempusdominus-bootstrap-4.css]
[colorlib.com/polygon/concept/assets/vendor/inputmask/css/inputmask.css]
[colorlib.com/polygon/concept/pages/form-elements.html]
[colorlib.com/polygon/concept/assets/vendor/inputmask/js/jquery.inputmask.bundle.js]
[colorlib.com/polygon/concept/pages/form-validation.html]
[colorlib.com/polygon/concept/assets/vendor/parsley/parsley.js]
[colorlib.com/polygon/concept/assets/vendor/multi-select/css/multi-select.css]
[colorlib.com/polygon/concept/pages/multiselect.html]
[colorlib.com/polygon/concept/assets/vendor/multi-select/js/jquery.multi-select.js]
[colorlib.com/polygon/concept/assets/vendor/datepicker/moment.js]
[colorlib.com/polygon/concept/assets/vendor/datepicker/tempusdominus-bootstrap-4.js]
[colorlib.com/polygon/concept/pages/datepicker.html]
[colorlib.com/polygon/concept/assets/vendor/datepicker/datepicker.js]
[colorlib.com/polygon/concept/assets/vendor/bootstrap-select/css/bootstrap-select.css]
[colorlib.com/polygon/concept/pages/bootstrap-select.html]
[colorlib.com/polygon/concept/assets/vendor/bootstrap-select/js/bootstrap-select.js]
[colorlib.com/polygon/concept/pages/general-table.html]
[colorlib.com/polygon/concept/assets/vendor/custom-js/jquery.multi-select.html]
[colorlib.com/polygon/concept/assets/vendor/datatables/css/dataTables.bootstrap4.css]
[colorlib.com/polygon/concept/assets/vendor/datatables/css/buttons.bootstrap4.css]
[colorlib.com/polygon/concept/assets/vendor/datatables/css/select.bootstrap4.css]
[colorlib.com/polygon/concept/assets/vendor/datatables/css/fixedHeader.bootstrap4.css]
[colorlib.com/cdn.datatables.net/1.10.19/js/jquery.dataTables.min.js]
[colorlib.com/polygon/concept/assets/vendor/datatables/js/dataTables.bootstrap4.min.js]
[colorlib.com/cdn.datatables.net/buttons/1.5.2/js/dataTables.buttons.min.js]
[colorlib.com/polygon/concept/assets/vendor/datatables/js/buttons.bootstrap4.min.js]
[colorlib.com/polygon/concept/assets/vendor/datatables/js/data-table.js]
[colorlib.com/cdnjs.cloudflare.com/ajax/libs/jszip/3.1.3/jszip.min.js]
[colorlib.com/cdnjs.cloudflare.com/ajax/libs/pdfmake/0.1.36/pdfmake.min.js]
[colorlib.com/cdnjs.cloudflare.com/ajax/libs/pdfmake/0.1.36/vfs_fonts.js]
[colorlib.com/cdn.datatables.net/buttons/1.5.2/js/buttons.html5.min.js]
[colorlib.com/cdn.datatables.net/buttons/1.5.2/js/buttons.print.min.js]
[colorlib.com/cdn.datatables.net/buttons/1.5.2/js/buttons.colVis.min.js]
[colorlib.com/cdn.datatables.net/rowgroup/1.0.4/js/dataTables.rowGroup.min.js]
[colorlib.com/cdn.datatables.net/select/1.2.7/js/dataTables.select.min.js]
[colorlib.com/cdn.datatables.net/fixedheader/3.1.5/js/dataTables.fixedHeader.min.js]
[colorlib.com/polygon/concept/pages/data-tables.html]
[colorlib.com/polygon/concept/pages/blank-page.html]
[colorlib.com/polygon/concept/pages/blank-page-header.html]
[colorlib.com/polygon/concept/assets/images/logo.png]
[colorlib.com/polygon/concept/pages/login.html]
[colorlib.com/polygon/concept/assets/images/error-img.png]
[colorlib.com/polygon/concept/pages/404-page.html]
[colorlib.com/polygon/concept/pages/sign-up.html]
[colorlib.com/polygon/concept/pages/forgot-password.html]
[colorlib.com/polygon/concept/pages/pricing.html]
[colorlib.com/polygon/concept/pages/pages-sign-up.html]
[colorlib.com/polygon/concept/assets/vendor/timeline/img/cd-icon-picture.svg]
[colorlib.com/polygon/concept/assets/vendor/timeline/img/cd-icon-movie.svg]
[colorlib.com/polygon/concept/assets/vendor/timeline/img/cd-icon-location.svg]
[colorlib.com/polygon/concept/pages/timeline.html]
[colorlib.com/polygon/concept/assets/vendor/timeline/js/main.js]
[colorlib.com/polygon/concept/assets/vendor/full-calendar/css/fullcalendar.css]
[colorlib.com/polygon/concept/assets/vendor/full-calendar/css/fullcalendar.print.css]
[colorlib.com/polygon/concept/assets/vendor/full-calendar/js/moment.min.js]
[colorlib.com/polygon/concept/assets/vendor/full-calendar/js/fullcalendar.js]
[colorlib.com/polygon/concept/assets/vendor/full-calendar/js/jquery-ui.min.js]
[colorlib.com/polygon/concept/pages/calendar.html]
[colorlib.com/polygon/concept/assets/vendor/full-calendar/js/calendar.js]
[colorlib.com/polygon/concept/assets/vendor/shortable-nestable/Sortable.min.js]
[colorlib.com/polygon/concept/assets/vendor/shortable-nestable/sort-nest.js]
[colorlib.com/polygon/concept/pages/sortable-nestable-lists.html]
[colorlib.com/polygon/concept/pages/widgets.html]
[colorlib.com/polygon/concept/assets/vendor/shortable-nestable/jquery.nestable.js]
[colorlib.com/polygon/concept/pages/media-object.html]
[colorlib.com/polygon/concept/pages/user-profile.html]
[colorlib.com/polygon/concept/assets/vendor/cropper/dist/cropper.min.css]
[colorlib.com/polygon/concept/pages/cropped.html]
[colorlib.com/polygon/concept/assets/vendor/cropper/dist/cropper.min.js]
[colorlib.com/polygon/concept/pages/cropper-image.html]
[colorlib.com/polygon/concept/assets/vendor/cropper/dist/cropper-int.js]
[colorlib.com/polygon/concept/assets/vendor/bootstrap-colorpicker/@claviska/jquery-minicolors/jquery.minicolors.css]
[colorlib.com/polygon/concept/assets/vendor/bootstrap-colorpicker/jquery-asColor/dist/jquery-asColor.min.js]
[colorlib.com/polygon/concept/assets/vendor/bootstrap-colorpicker/jquery-asGradient/dist/jquery-asGradient.js]
[colorlib.com/polygon/concept/assets/vendor/bootstrap-colorpicker/jquery-asColorPicker/dist/jquery-asColorPicker.min.js]
[colorlib.com/polygon/concept/pages/color-picker.html]
[colorlib.com/polygon/concept/pages/inbox.html]
[colorlib.com/polygon/concept/pages/email-details.html]
[colorlib.com/polygon/concept/assets/vendor/bootstrap-colorpicker/@claviska/jquery-minicolors/jquery.minicolors.min.js]
[colorlib.com/polygon/concept/assets/vendor/select2/css/select2.css]
[colorlib.com/polygon/concept/assets/vendor/summernote/css/summernote-bs4.css]
[colorlib.com/polygon/concept/assets/vendor/select2/js/select2.min.js]
[colorlib.com/polygon/concept/pages/email-compose.html]
[colorlib.com/polygon/concept/assets/vendor/summernote/js/summernote-bs4.js]
[colorlib.com/polygon/concept/pages/pages-app.html]
[colorlib.com/polygon/concept/assets/images/loader.svg]
[colorlib.com/polygon/concept/pages/message-chat.html]
[colorlib.com/polygon/concept/pages/icon-fontawesome.html]
[colorlib.com/polygon/concept/pages/icon-material.html]
[colorlib.com/polygon/concept/assets/vendor/dropzone/dropzone.js]
[colorlib.com/polygon/concept/pages/icon-simple-lineicon.html]
[colorlib.com/polygon/concept/assets/vendor/fonts/simple-line-icons/css/simple-line-icons.css]
[colorlib.com/polygon/concept/pages/icon-themify.html]
[colorlib.com/polygon/concept/pages/icon-flag.html]
[colorlib.com/polygon/concept/assets/vendor/fonts/themify-icons/themify-icons.css]
[colorlib.com/polygon/concept/pages/icon-weather.html]
[colorlib.com/polygon/concept/assets/vendor/fonts/weather-icons/css/weather-icons.min.css]
[colorlib.com/polygon/concept/assets/libs/js/gmaps.min.js]
[colorlib.com/polygon/concept/pages/map-google.html]
[colorlib.com/polygon/concept/assets/libs/js/google_map.js]
[colorlib.com/polygon/concept/assets/vendor/jvectormap/jquery-jvectormap-in-mill.js]
[colorlib.com/polygon/concept/assets/vendor/jvectormap/jquery-jvectormap-us-aea-en.js]
[colorlib.com/polygon/concept/assets/vendor/jvectormap/jquery-jvectormap-uk-mill-en.js]
[colorlib.com/polygon/concept/assets/vendor/jvectormap/jquery-jvectormap-au-mill.js]
[colorlib.com/polygon/concept/pages/map-vector.html]
[colorlib.com/polygon/concept/assets/libs/js/jvectormap.custom.js]
[jituchauhan.com/wp-content/plugins/contact-form-7/includes/css/stylesaead.css]
[jituchauhan.com/wp-content/themes/jituchauhan/css/bootstrap.min7433.css]
[jituchauhan.com/wp-content/themes/jituchauhan/style5010.css]
[maxcdn.bootstrapcdn.com/font-awesome/4.4.0/css/font-awesome.min5010.css]
[jituchauhan.com/wp-content/plugins/add-to-any/addtoany.mind50e.css]
[jituchauhan.com/wp-includes/js/jquery/jqueryb8ff.js]
[jituchauhan.com/wp-includes/js/jquery/jquery-migrate.min330a.js]
[jituchauhan.com/wp-content/plugins/add-to-any/addtoany.min5152.js]
[static.addtoany.com/menu/page.js]
[www.google-analytics.com/analytics.js]
[jituchauhan.com/wp-content/plugins/template-help-featured-templates/css/style.css]
[jituchauhan.com/wp-content/plugins/template-help-featured-templates/css/preview.css]
[jituchauhan.com/wp-content/uploads/2017/07/cropped-jituchauhan-32x32.png]
[jituchauhan.com/wp-content/uploads/2017/07/cropped-jituchauhan-192x192.png]
[jituchauhan.com/wp-content/uploads/2017/07/cropped-jituchauhan-180x180.png]
[pagead2.googlesyndication.com/pagead/js/f.txt]
[jituchauhan.com/wp-content/plugins/contact-form-7/includes/js/scriptsaead.js]
[jituchauhan.com/wp-content/themes/jituchauhan/js/bootstrap.min7433.js]
[jituchauhan.com/wp-content/themes/jituchauhan/js/navigation4a7d.js]
[jituchauhan.com/wp-content/themes/jituchauhan/js/skip-link-focus-fix4a7d.js]
[jituchauhan.com/wp-includes/js/wp-embed.min5010.js]
[jituchauhan.com/wp-content/plugins/mailchimp-for-wp/assets/js/forms-api.min4189.js]
[colorlib.com/polygon/concept/assets/assets/images/background/img5.html]
[colorlib.com/polygon/concept/assets/vendor/fonts/fontawesome/webfonts/fa-brands-400.html]
[colorlib.com/polygon/concept/assets/vendor/fonts/fontawesome/webfonts/fa-brands-400.svg]
[colorlib.com/polygon/concept/assets/vendor/fonts/fontawesome/webfonts/fa-regular-400.html]
[colorlib.com/polygon/concept/assets/vendor/fonts/fontawesome/webfonts/fa-regular-400.svg]
[colorlib.com/polygon/concept/assets/vendor/fonts/fontawesome/webfonts/fa-solid-900.html]
[colorlib.com/polygon/concept/assets/vendor/fonts/fontawesome/webfonts/fa-solid-900.svg]
[colorlib.com/polygon/concept/assets/vendor/fonts/material-design-iconic-font/fonts/materialdesignicons-webfontdc99dc99.html]
[colorlib.com/polygon/concept/assets/vendor/fonts/material-design-iconic-font/fonts/materialdesignicons-webfontdc99dc99.svg]
[colorlib.com/polygon/concept/assets/vendor/fonts/flag-icon-css/flags/ad.svg]
[colorlib.com/polygon/concept/assets/vendor/fonts/flag-icon-css/flags/ae.svg]
[colorlib.com/polygon/concept/assets/vendor/fonts/flag-icon-css/flags/af.svg]
[colorlib.com/polygon/concept/assets/vendor/fonts/flag-icon-css/flags/ag.svg]
[colorlib.com/polygon/concept/assets/vendor/fonts/flag-icon-css/flags/ai.svg]
[colorlib.com/polygon/concept/assets/vendor/fonts/flag-icon-css/flags/al.svg]
[colorlib.com/polygon/concept/assets/vendor/fonts/flag-icon-css/flags/am.svg]
[colorlib.com/polygon/concept/assets/vendor/fonts/flag-icon-css/flags/ao.svg]
[colorlib.com/polygon/concept/assets/vendor/fonts/flag-icon-css/flags/aq.svg]
[colorlib.com/polygon/concept/assets/vendor/fonts/flag-icon-css/flags/ar.svg]
[colorlib.com/polygon/concept/assets/vendor/fonts/flag-icon-css/flags/as.svg]
[colorlib.com/polygon/concept/assets/vendor/fonts/flag-icon-css/flags/at.svg]
[colorlib.com/polygon/concept/assets/vendor/fonts/flag-icon-css/flags/au.svg]
[colorlib.com/polygon/concept/assets/vendor/fonts/flag-icon-css/flags/aw.svg]
[colorlib.com/polygon/concept/assets/vendor/fonts/flag-icon-css/flags/ax.svg]
[colorlib.com/polygon/concept/assets/vendor/fonts/flag-icon-css/flags/az.svg]
[colorlib.com/polygon/concept/assets/vendor/fonts/flag-icon-css/flags/ba.svg]
[colorlib.com/polygon/concept/assets/vendor/fonts/flag-icon-css/flags/bb.svg]
[colorlib.com/polygon/concept/assets/vendor/fonts/flag-icon-css/flags/bd.svg]
[colorlib.com/polygon/concept/assets/vendor/fonts/flag-icon-css/flags/be.svg]
[colorlib.com/polygon/concept/assets/vendor/fonts/flag-icon-css/flags/bf.svg]
[colorlib.com/polygon/concept/assets/vendor/fonts/flag-icon-css/flags/bg.svg]
[colorlib.com/polygon/concept/assets/vendor/fonts/flag-icon-css/flags/bh.svg]
[colorlib.com/polygon/concept/assets/vendor/fonts/flag-icon-css/flags/bi.svg]
[colorlib.com/polygon/concept/assets/vendor/fonts/flag-icon-css/flags/bj.svg]
[colorlib.com/polygon/concept/assets/vendor/fonts/flag-icon-css/flags/bl.svg]
[colorlib.com/polygon/concept/assets/vendor/fonts/flag-icon-css/flags/bm.svg]
[colorlib.com/polygon/concept/assets/vendor/fonts/flag-icon-css/flags/bn.svg]
[colorlib.com/polygon/concept/assets/vendor/fonts/flag-icon-css/flags/bo.svg]
[colorlib.com/polygon/concept/assets/vendor/fonts/flag-icon-css/flags/bq.svg]
[colorlib.com/polygon/concept/assets/vendor/fonts/flag-icon-css/flags/br.svg]
[colorlib.com/polygon/concept/assets/vendor/fonts/flag-icon-css/flags/bs.svg]
[colorlib.com/polygon/concept/assets/vendor/fonts/flag-icon-css/flags/bt.svg]
[colorlib.com/polygon/concept/assets/vendor/fonts/flag-icon-css/flags/bv.svg]
[colorlib.com/polygon/concept/assets/vendor/fonts/flag-icon-css/flags/bw.svg]
[colorlib.com/polygon/concept/assets/vendor/fonts/flag-icon-css/flags/by.svg]
[colorlib.com/polygon/concept/assets/vendor/fonts/flag-icon-css/flags/bz.svg]
[colorlib.com/polygon/concept/assets/vendor/fonts/flag-icon-css/flags/ca.svg]
[colorlib.com/polygon/concept/assets/vendor/fonts/flag-icon-css/flags/cc.svg]
[colorlib.com/polygon/concept/assets/vendor/fonts/flag-icon-css/flags/cd.svg]
[colorlib.com/polygon/concept/assets/vendor/fonts/flag-icon-css/flags/cf.svg]
[colorlib.com/polygon/concept/assets/vendor/fonts/flag-icon-css/flags/cg.svg]
[colorlib.com/polygon/concept/assets/vendor/fonts/flag-icon-css/flags/ch.svg]
[colorlib.com/polygon/concept/assets/vendor/fonts/flag-icon-css/flags/ci.svg]
[colorlib.com/polygon/concept/assets/vendor/fonts/flag-icon-css/flags/ck.svg]
[colorlib.com/polygon/concept/assets/vendor/fonts/flag-icon-css/flags/cl.svg]
[colorlib.com/polygon/concept/assets/vendor/fonts/flag-icon-css/flags/cm.svg]
[colorlib.com/polygon/concept/assets/vendor/fonts/flag-icon-css/flags/cn.svg]
[colorlib.com/polygon/concept/assets/vendor/fonts/flag-icon-css/flags/co.svg]
[colorlib.com/polygon/concept/assets/vendor/fonts/flag-icon-css/flags/cr.svg]
[colorlib.com/polygon/concept/assets/vendor/fonts/flag-icon-css/flags/cu.svg]
[colorlib.com/polygon/concept/assets/vendor/fonts/flag-icon-css/flags/cv.svg]
[colorlib.com/polygon/concept/assets/vendor/fonts/flag-icon-css/flags/cw.svg]
[colorlib.com/polygon/concept/assets/vendor/fonts/flag-icon-css/flags/cx.svg]
[colorlib.com/polygon/concept/assets/vendor/fonts/flag-icon-css/flags/cy.svg]
[colorlib.com/polygon/concept/assets/vendor/fonts/flag-icon-css/flags/cz.svg]
[colorlib.com/polygon/concept/assets/vendor/fonts/flag-icon-css/flags/de.svg]
[colorlib.com/polygon/concept/assets/vendor/fonts/flag-icon-css/flags/dj.svg]
[colorlib.com/polygon/concept/assets/vendor/fonts/flag-icon-css/flags/dk.svg]
[colorlib.com/polygon/concept/assets/vendor/fonts/flag-icon-css/flags/dm.svg]
[colorlib.com/polygon/concept/assets/vendor/fonts/flag-icon-css/flags/do.svg]
[colorlib.com/polygon/concept/assets/vendor/fonts/flag-icon-css/flags/dz.svg]
[colorlib.com/polygon/concept/assets/vendor/fonts/flag-icon-css/flags/ec.svg]
[colorlib.com/polygon/concept/assets/vendor/fonts/flag-icon-css/flags/ee.svg]
[colorlib.com/polygon/concept/assets/vendor/fonts/flag-icon-css/flags/eg.svg]
[colorlib.com/polygon/concept/assets/vendor/fonts/flag-icon-css/flags/eh.svg]
[colorlib.com/polygon/concept/assets/vendor/fonts/flag-icon-css/flags/er.svg]
[colorlib.com/polygon/concept/assets/vendor/fonts/flag-icon-css/flags/es.svg]
[colorlib.com/polygon/concept/assets/vendor/fonts/flag-icon-css/flags/et.svg]
[colorlib.com/polygon/concept/assets/vendor/fonts/flag-icon-css/flags/fi.svg]
[colorlib.com/polygon/concept/assets/vendor/fonts/flag-icon-css/flags/fj.svg]
[colorlib.com/polygon/concept/assets/vendor/fonts/flag-icon-css/flags/fk.svg]
[colorlib.com/polygon/concept/assets/vendor/fonts/flag-icon-css/flags/fm.svg]
[colorlib.com/polygon/concept/assets/vendor/fonts/flag-icon-css/flags/fo.svg]
[colorlib.com/polygon/concept/assets/vendor/fonts/flag-icon-css/flags/fr.svg]
[colorlib.com/polygon/concept/assets/vendor/fonts/flag-icon-css/flags/ga.svg]
[colorlib.com/polygon/concept/assets/vendor/fonts/flag-icon-css/flags/gb.svg]
[colorlib.com/polygon/concept/assets/vendor/fonts/flag-icon-css/flags/gd.svg]
[colorlib.com/polygon/concept/assets/vendor/fonts/flag-icon-css/flags/ge.svg]
[colorlib.com/polygon/concept/assets/vendor/fonts/flag-icon-css/flags/gf.svg]
[colorlib.com/polygon/concept/assets/vendor/fonts/flag-icon-css/flags/gg.svg]
[colorlib.com/polygon/concept/assets/vendor/fonts/flag-icon-css/flags/gh.svg]
[colorlib.com/polygon/concept/assets/vendor/fonts/flag-icon-css/flags/gi.svg]
[colorlib.com/polygon/concept/assets/vendor/fonts/flag-icon-css/flags/gl.svg]
[colorlib.com/polygon/concept/assets/vendor/fonts/flag-icon-css/flags/gm.svg]
[colorlib.com/polygon/concept/assets/vendor/fonts/flag-icon-css/flags/gn.svg]
[colorlib.com/polygon/concept/assets/vendor/fonts/flag-icon-css/flags/gp.svg]
[colorlib.com/polygon/concept/assets/vendor/fonts/flag-icon-css/flags/gq.svg]
[colorlib.com/polygon/concept/assets/vendor/fonts/flag-icon-css/flags/gr.svg]
[colorlib.com/polygon/concept/assets/vendor/fonts/flag-icon-css/flags/gs.svg]
[colorlib.com/polygon/concept/assets/vendor/fonts/flag-icon-css/flags/gt.svg]
[colorlib.com/polygon/concept/assets/vendor/fonts/flag-icon-css/flags/gu.svg]
[colorlib.com/polygon/concept/assets/vendor/fonts/flag-icon-css/flags/gw.svg]
[colorlib.com/polygon/concept/assets/vendor/fonts/flag-icon-css/flags/gy.svg]
[colorlib.com/polygon/concept/assets/vendor/fonts/flag-icon-css/flags/hk.svg]
[colorlib.com/polygon/concept/assets/vendor/fonts/flag-icon-css/flags/hm.svg]
[colorlib.com/polygon/concept/assets/vendor/fonts/flag-icon-css/flags/hn.svg]
[colorlib.com/polygon/concept/assets/vendor/fonts/flag-icon-css/flags/hr.svg]
[colorlib.com/polygon/concept/assets/vendor/fonts/flag-icon-css/flags/ht.svg]
[colorlib.com/polygon/concept/assets/vendor/fonts/flag-icon-css/flags/hu.svg]
[colorlib.com/polygon/concept/assets/vendor/fonts/flag-icon-css/flags/id.svg]
[colorlib.com/polygon/concept/assets/vendor/fonts/flag-icon-css/flags/ie.svg]
[colorlib.com/polygon/concept/assets/vendor/fonts/flag-icon-css/flags/il.svg]
[colorlib.com/polygon/concept/assets/vendor/fonts/flag-icon-css/flags/im.svg]
[colorlib.com/polygon/concept/assets/vendor/fonts/flag-icon-css/flags/in.svg]
[colorlib.com/polygon/concept/assets/vendor/fonts/flag-icon-css/flags/io.svg]
[colorlib.com/polygon/concept/assets/vendor/fonts/flag-icon-css/flags/iq.svg]
[colorlib.com/polygon/concept/assets/vendor/fonts/flag-icon-css/flags/ir.svg]
[colorlib.com/polygon/concept/assets/vendor/fonts/flag-icon-css/flags/is.svg]
[colorlib.com/polygon/concept/assets/vendor/fonts/flag-icon-css/flags/it.svg]
[colorlib.com/polygon/concept/assets/vendor/fonts/flag-icon-css/flags/je.svg]
[colorlib.com/polygon/concept/assets/vendor/fonts/flag-icon-css/flags/jm.svg]
[colorlib.com/polygon/concept/assets/vendor/fonts/flag-icon-css/flags/jo.svg]
[colorlib.com/polygon/concept/assets/vendor/fonts/flag-icon-css/flags/jp.svg]
[colorlib.com/polygon/concept/assets/vendor/fonts/flag-icon-css/flags/ke.svg]
[colorlib.com/polygon/concept/assets/vendor/fonts/flag-icon-css/flags/kg.svg]
[colorlib.com/polygon/concept/assets/vendor/fonts/flag-icon-css/flags/kh.svg]
[colorlib.com/polygon/concept/assets/vendor/fonts/flag-icon-css/flags/ki.svg]
[colorlib.com/polygon/concept/assets/vendor/fonts/flag-icon-css/flags/km.svg]
[colorlib.com/polygon/concept/assets/vendor/fonts/flag-icon-css/flags/kn.svg]
[colorlib.com/polygon/concept/assets/vendor/fonts/flag-icon-css/flags/kp.svg]
[colorlib.com/polygon/concept/assets/vendor/fonts/flag-icon-css/flags/kr.svg]
[colorlib.com/polygon/concept/assets/vendor/fonts/flag-icon-css/flags/kw.svg]
[colorlib.com/polygon/concept/assets/vendor/fonts/flag-icon-css/flags/ky.svg]
[colorlib.com/polygon/concept/assets/vendor/fonts/flag-icon-css/flags/kz.svg]
[colorlib.com/polygon/concept/assets/vendor/fonts/flag-icon-css/flags/la.svg]
[colorlib.com/polygon/concept/assets/vendor/fonts/flag-icon-css/flags/lb.svg]
[colorlib.com/polygon/concept/assets/vendor/fonts/flag-icon-css/flags/lc.svg]
[colorlib.com/polygon/concept/assets/vendor/fonts/flag-icon-css/flags/li.svg]
[colorlib.com/polygon/concept/assets/vendor/fonts/flag-icon-css/flags/lk.svg]
[colorlib.com/polygon/concept/assets/vendor/fonts/flag-icon-css/flags/lr.svg]
[colorlib.com/polygon/concept/assets/vendor/fonts/flag-icon-css/flags/ls.svg]
[colorlib.com/polygon/concept/assets/vendor/fonts/flag-icon-css/flags/lt.svg]
[colorlib.com/polygon/concept/assets/vendor/fonts/flag-icon-css/flags/lu.svg]
[colorlib.com/polygon/concept/assets/vendor/fonts/flag-icon-css/flags/lv.svg]
[colorlib.com/polygon/concept/assets/vendor/fonts/flag-icon-css/flags/ly.svg]
[colorlib.com/polygon/concept/assets/vendor/fonts/flag-icon-css/flags/ma.svg]
[colorlib.com/polygon/concept/assets/vendor/fonts/flag-icon-css/flags/mc.svg]
[colorlib.com/polygon/concept/assets/vendor/fonts/flag-icon-css/flags/md.svg]
[colorlib.com/polygon/concept/assets/vendor/fonts/flag-icon-css/flags/me.svg]
[colorlib.com/polygon/concept/assets/vendor/fonts/flag-icon-css/flags/mf.svg]
[colorlib.com/polygon/concept/assets/vendor/fonts/flag-icon-css/flags/mg.svg]
[colorlib.com/polygon/concept/assets/vendor/fonts/flag-icon-css/flags/mh.svg]
[colorlib.com/polygon/concept/assets/vendor/fonts/flag-icon-css/flags/mk.svg]
[colorlib.com/polygon/concept/assets/vendor/fonts/flag-icon-css/flags/ml.svg]
[colorlib.com/polygon/concept/assets/vendor/fonts/flag-icon-css/flags/mm.svg]
[colorlib.com/polygon/concept/assets/vendor/fonts/flag-icon-css/flags/mn.svg]
[colorlib.com/polygon/concept/assets/vendor/fonts/flag-icon-css/flags/mo.svg]
[colorlib.com/polygon/concept/assets/vendor/fonts/flag-icon-css/flags/mp.svg]
[colorlib.com/polygon/concept/assets/vendor/fonts/flag-icon-css/flags/mq.svg]
[colorlib.com/polygon/concept/assets/vendor/fonts/flag-icon-css/flags/mr.svg]
[colorlib.com/polygon/concept/assets/vendor/fonts/flag-icon-css/flags/ms.svg]
[colorlib.com/polygon/concept/assets/vendor/fonts/flag-icon-css/flags/mt.svg]
[colorlib.com/polygon/concept/assets/vendor/fonts/flag-icon-css/flags/mu.svg]
[colorlib.com/polygon/concept/assets/vendor/fonts/flag-icon-css/flags/mv.svg]
[colorlib.com/polygon/concept/assets/vendor/fonts/flag-icon-css/flags/mw.svg]
[colorlib.com/polygon/concept/assets/vendor/fonts/flag-icon-css/flags/mx.svg]
[colorlib.com/polygon/concept/assets/vendor/fonts/flag-icon-css/flags/my.svg]
[colorlib.com/polygon/concept/assets/vendor/fonts/flag-icon-css/flags/mz.svg]
[colorlib.com/polygon/concept/assets/vendor/fonts/flag-icon-css/flags/na.svg]
[colorlib.com/polygon/concept/assets/vendor/fonts/flag-icon-css/flags/nc.svg]
[colorlib.com/polygon/concept/assets/vendor/fonts/flag-icon-css/flags/ne.svg]
[colorlib.com/polygon/concept/assets/vendor/fonts/flag-icon-css/flags/nf.svg]
[colorlib.com/polygon/concept/assets/vendor/fonts/flag-icon-css/flags/ng.svg]
[colorlib.com/polygon/concept/assets/vendor/fonts/flag-icon-css/flags/ni.svg]
[colorlib.com/polygon/concept/assets/vendor/fonts/flag-icon-css/flags/nl.svg]
[colorlib.com/polygon/concept/assets/vendor/fonts/flag-icon-css/flags/no.svg]
[colorlib.com/polygon/concept/assets/vendor/fonts/flag-icon-css/flags/np.svg]
[colorlib.com/polygon/concept/assets/vendor/fonts/flag-icon-css/flags/nr.svg]
[colorlib.com/polygon/concept/assets/vendor/fonts/flag-icon-css/flags/nu.svg]
[colorlib.com/polygon/concept/assets/vendor/fonts/flag-icon-css/flags/nz.svg]
[colorlib.com/polygon/concept/assets/vendor/fonts/flag-icon-css/flags/om.svg]
[colorlib.com/polygon/concept/assets/vendor/fonts/flag-icon-css/flags/pa.svg]
[colorlib.com/polygon/concept/assets/vendor/fonts/flag-icon-css/flags/pe.svg]
[colorlib.com/polygon/concept/assets/vendor/fonts/flag-icon-css/flags/pf.svg]
[colorlib.com/polygon/concept/assets/vendor/fonts/flag-icon-css/flags/pg.svg]
[colorlib.com/polygon/concept/assets/vendor/fonts/flag-icon-css/flags/ph.svg]
[colorlib.com/polygon/concept/assets/vendor/fonts/flag-icon-css/flags/pk.svg]
[colorlib.com/polygon/concept/assets/vendor/fonts/flag-icon-css/flags/pl.svg]
[colorlib.com/polygon/concept/assets/vendor/fonts/flag-icon-css/flags/pm.svg]
[colorlib.com/polygon/concept/assets/vendor/fonts/flag-icon-css/flags/pn.svg]
[colorlib.com/polygon/concept/assets/vendor/fonts/flag-icon-css/flags/pr.svg]
[colorlib.com/polygon/concept/assets/vendor/fonts/flag-icon-css/flags/ps.svg]
[colorlib.com/polygon/concept/assets/vendor/fonts/flag-icon-css/flags/pt.svg]
[colorlib.com/polygon/concept/assets/vendor/fonts/flag-icon-css/flags/pw.svg]
[colorlib.com/polygon/concept/assets/vendor/fonts/flag-icon-css/flags/py.svg]
[colorlib.com/polygon/concept/assets/vendor/fonts/flag-icon-css/flags/qa.svg]
[colorlib.com/polygon/concept/assets/vendor/fonts/flag-icon-css/flags/re.svg]
[colorlib.com/polygon/concept/assets/vendor/fonts/flag-icon-css/flags/ro.svg]
[colorlib.com/polygon/concept/assets/vendor/fonts/flag-icon-css/flags/rs.svg]
[colorlib.com/polygon/concept/assets/vendor/fonts/flag-icon-css/flags/ru.svg]
[colorlib.com/polygon/concept/assets/vendor/fonts/flag-icon-css/flags/rw.svg]
[colorlib.com/polygon/concept/assets/vendor/fonts/flag-icon-css/flags/sa.svg]
[colorlib.com/polygon/concept/assets/vendor/fonts/flag-icon-css/flags/sb.svg]
[colorlib.com/polygon/concept/assets/vendor/fonts/flag-icon-css/flags/sc.svg]
[colorlib.com/polygon/concept/assets/vendor/fonts/flag-icon-css/flags/sd.svg]
[colorlib.com/polygon/concept/assets/vendor/fonts/flag-icon-css/flags/se.svg]
[colorlib.com/polygon/concept/assets/vendor/fonts/flag-icon-css/flags/sg.svg]
[colorlib.com/polygon/concept/assets/vendor/fonts/flag-icon-css/flags/sh.svg]
[colorlib.com/polygon/concept/assets/vendor/fonts/flag-icon-css/flags/si.svg]
[colorlib.com/polygon/concept/assets/vendor/fonts/flag-icon-css/flags/sj.svg]
[colorlib.com/polygon/concept/assets/vendor/fonts/flag-icon-css/flags/sk.svg]
[colorlib.com/polygon/concept/assets/vendor/fonts/flag-icon-css/flags/sl.svg]
[colorlib.com/polygon/concept/assets/vendor/fonts/flag-icon-css/flags/sm.svg]
[colorlib.com/polygon/concept/assets/vendor/fonts/flag-icon-css/flags/sn.svg]
[colorlib.com/polygon/concept/assets/vendor/fonts/flag-icon-css/flags/so.svg]
[colorlib.com/polygon/concept/assets/vendor/fonts/flag-icon-css/flags/sr.svg]
[colorlib.com/polygon/concept/assets/vendor/fonts/flag-icon-css/flags/ss.svg]
[colorlib.com/polygon/concept/assets/vendor/fonts/flag-icon-css/flags/st.svg]
[colorlib.com/polygon/concept/assets/vendor/fonts/flag-icon-css/flags/sv.svg]
[colorlib.com/polygon/concept/assets/vendor/fonts/flag-icon-css/flags/sx.svg]
[colorlib.com/polygon/concept/assets/vendor/fonts/flag-icon-css/flags/sy.svg]
[colorlib.com/polygon/concept/assets/vendor/fonts/flag-icon-css/flags/sz.svg]
[colorlib.com/polygon/concept/assets/vendor/fonts/flag-icon-css/flags/tc.svg]
[colorlib.com/polygon/concept/assets/vendor/fonts/flag-icon-css/flags/td.svg]
[colorlib.com/polygon/concept/assets/vendor/fonts/flag-icon-css/flags/tf.svg]
[colorlib.com/polygon/concept/assets/vendor/fonts/flag-icon-css/flags/tg.svg]
[colorlib.com/polygon/concept/assets/vendor/fonts/flag-icon-css/flags/th.svg]
[colorlib.com/polygon/concept/assets/vendor/fonts/flag-icon-css/flags/tj.svg]
[colorlib.com/polygon/concept/assets/vendor/fonts/flag-icon-css/flags/tk.svg]
[colorlib.com/polygon/concept/assets/vendor/fonts/flag-icon-css/flags/tl.svg]
[colorlib.com/polygon/concept/assets/vendor/fonts/flag-icon-css/flags/tm.svg]
[colorlib.com/polygon/concept/assets/vendor/fonts/flag-icon-css/flags/tn.svg]
[colorlib.com/polygon/concept/assets/vendor/fonts/flag-icon-css/flags/to.svg]
[colorlib.com/polygon/concept/assets/vendor/fonts/flag-icon-css/flags/tr.svg]
[colorlib.com/polygon/concept/assets/vendor/fonts/flag-icon-css/flags/tt.svg]
[colorlib.com/polygon/concept/assets/vendor/fonts/flag-icon-css/flags/tv.svg]
[colorlib.com/polygon/concept/assets/vendor/fonts/flag-icon-css/flags/tw.svg]
[colorlib.com/polygon/concept/assets/vendor/fonts/flag-icon-css/flags/tz.svg]
[colorlib.com/polygon/concept/assets/vendor/fonts/flag-icon-css/flags/ua.svg]
[colorlib.com/polygon/concept/assets/vendor/fonts/flag-icon-css/flags/ug.svg]
[colorlib.com/polygon/concept/assets/vendor/fonts/flag-icon-css/flags/um.svg]
[colorlib.com/polygon/concept/assets/vendor/fonts/flag-icon-css/flags/us.svg]
[colorlib.com/polygon/concept/assets/vendor/fonts/flag-icon-css/flags/uy.svg]
[colorlib.com/polygon/concept/assets/vendor/fonts/flag-icon-css/flags/uz.svg]
[colorlib.com/polygon/concept/assets/vendor/fonts/flag-icon-css/flags/va.svg]
[colorlib.com/polygon/concept/assets/vendor/fonts/flag-icon-css/flags/vc.svg]
[colorlib.com/polygon/concept/assets/vendor/fonts/flag-icon-css/flags/ve.svg]
[colorlib.com/polygon/concept/assets/vendor/fonts/flag-icon-css/flags/vg.svg]
[colorlib.com/polygon/concept/assets/vendor/fonts/flag-icon-css/flags/vi.svg]
[colorlib.com/polygon/concept/assets/vendor/fonts/flag-icon-css/flags/vn.svg]
[colorlib.com/polygon/concept/assets/vendor/fonts/flag-icon-css/flags/vu.svg]
[colorlib.com/polygon/concept/assets/vendor/fonts/flag-icon-css/flags/wf.svg]
[colorlib.com/polygon/concept/assets/vendor/fonts/flag-icon-css/flags/ws.svg]
[colorlib.com/polygon/concept/assets/vendor/fonts/flag-icon-css/flags/ye.svg]
[colorlib.com/polygon/concept/assets/vendor/fonts/flag-icon-css/flags/yt.svg]
[colorlib.com/polygon/concept/assets/vendor/fonts/flag-icon-css/flags/za.svg]
[colorlib.com/polygon/concept/assets/vendor/fonts/flag-icon-css/flags/zm.svg]
[colorlib.com/polygon/concept/assets/vendor/fonts/flag-icon-css/flags/zw.svg]
[colorlib.com/polygon/concept/assets/vendor/vector-map/jqvmap.css]
[colorlib.com/polygon/concept/assets/vendor/jvectormap/jquery-jvectormap-2.0.2.css]
[colorlib.com/polygon/concept/assets/vendor/daterangepicker/daterangepicker.css]
[colorlib.com/polygon/concept/assets/vendor/charts/morris-bundle/morrisjs.html]
[colorlib.com/cdn.jsdelivr.net/momentjs/latest/moment.min.html]
[colorlib.com/cdn.jsdelivr.net/npm/daterangepicker/daterangepicker.min.html]
[colorlib.com/polygon/concept/pages/index.html]
[colorlib.com/polygon/concept/pages/invoice.html]
[colorlib.com/polygon/concept/assets/vendor/datepicker/tempusdominus-bootstrap-4.css]
[colorlib.com/polygon/concept/assets/vendor/inputmask/css/inputmask.css]
[colorlib.com/polygon/concept/assets/images/switch.png]
[colorlib.com/polygon/concept/assets/vendor/multi-select/css/multi-select.css]
[colorlib.com/polygon/concept/assets/vendor/bootstrap-select/css/bootstrap-select.css]
[colorlib.com/polygon/concept/assets/vendor/custom-js/jquery.multi-select.html]
[colorlib.com/polygon/concept/assets/vendor/datatables/css/dataTables.bootstrap4.css]
[colorlib.com/polygon/concept/assets/vendor/datatables/css/buttons.bootstrap4.css]
[colorlib.com/polygon/concept/assets/vendor/datatables/css/select.bootstrap4.css]
[colorlib.com/polygon/concept/assets/vendor/datatables/css/fixedHeader.bootstrap4.css]
[colorlib.com/cdn.datatables.net/1.10.19/js/jquery.dataTables.min.html]
[colorlib.com/cdn.datatables.net/buttons/1.5.2/js/dataTables.buttons.min.html]
[colorlib.com/cdnjs.cloudflare.com/ajax/libs/jszip/3.1.3/jszip.min.html]
[colorlib.com/cdnjs.cloudflare.com/ajax/libs/pdfmake/0.1.36/pdfmake.min.html]
[colorlib.com/cdnjs.cloudflare.com/ajax/libs/pdfmake/0.1.36/vfs_fonts.html]
[colorlib.com/cdn.datatables.net/buttons/1.5.2/js/buttons.html5.min.html]
[colorlib.com/cdn.datatables.net/buttons/1.5.2/js/buttons.print.min.html]
[colorlib.com/cdn.datatables.net/buttons/1.5.2/js/buttons.colVis.min.html]
[colorlib.com/cdn.datatables.net/rowgroup/1.0.4/js/dataTables.rowGroup.min.html]
[colorlib.com/cdn.datatables.net/select/1.2.7/js/dataTables.select.min.html]
[colorlib.com/cdn.datatables.net/fixedheader/3.1.5/js/dataTables.fixedHeader.min.html]
[colorlib.com/polygon/concept/pages/pages-sign-up.html]
[colorlib.com/polygon/concept/assets/vendor/timeline/img/cd-icon-picture.svg]
[colorlib.com/polygon/concept/assets/vendor/timeline/img/cd-icon-movie.svg]
[colorlib.com/polygon/concept/assets/vendor/timeline/img/cd-icon-location.svg]
[colorlib.com/polygon/concept/assets/vendor/full-calendar/css/fullcalendar.css]
[colorlib.com/polygon/concept/assets/vendor/full-calendar/css/fullcalendar.print.css]
[colorlib.com/polygon/concept/pages/user-profile.html]
[colorlib.com/polygon/concept/assets/vendor/cropper/dist/cropper.min.css]
[colorlib.com/polygon/concept/pages/cropped.html]
[colorlib.com/polygon/concept/assets/vendor/bootstrap-colorpicker/@claviska/jquery-minicolors/jquery.minicolors.png]
[colorlib.com/polygon/concept/assets/vendor/bootstrap-colorpicker/@claviska/jquery-minicolors/jquery.minicolors.css]
[colorlib.com/polygon/concept/assets/vendor/select2/css/select2.css]
[colorlib.com/polygon/concept/assets/vendor/summernote/editor-fonts/summernote4c4d4c4d.eot]
[colorlib.com/polygon/concept/assets/vendor/summernote/editor-fonts/summernoted41dd41d.eot]
[colorlib.com/polygon/concept/assets/vendor/summernote/editor-fonts/summernote4c4d4c4d.woff]
[colorlib.com/polygon/concept/assets/vendor/summernote/css/summernote-bs4.css]
[colorlib.com/polygon/concept/pages/pages-app.html]
[colorlib.com/polygon/concept/assets/images/loader.svg]
[colorlib.com/polygon/concept/assets/vendor/summernote/editor-fonts/summernote4c4d4c4d.ttf]
[colorlib.com/polygon/concept/assets/vendor/fonts/simple-line-icons/fonts/Simple-Line-Icons4c824c82.eot]
[colorlib.com/polygon/concept/assets/vendor/fonts/simple-line-icons/fonts/Simple-Line-Iconsd41dd41d.eot]
[colorlib.com/polygon/concept/assets/vendor/fonts/simple-line-icons/fonts/Simple-Line-Icons4c824c82.ttf]
[colorlib.com/polygon/concept/assets/vendor/fonts/simple-line-icons/fonts/Simple-Line-Icons4c824c82.html]
[colorlib.com/polygon/concept/assets/vendor/fonts/simple-line-icons/fonts/Simple-Line-Icons4c824c82.woff]
[colorlib.com/polygon/concept/assets/vendor/fonts/simple-line-icons/css/simple-line-icons.css]
[colorlib.com/polygon/concept/assets/vendor/fonts/simple-line-icons/fonts/Simple-Line-Icons4c824c82.svg]
[colorlib.com/polygon/concept/assets/vendor/fonts/themify-icons/fonts/themify9f249f24.eot]
[colorlib.com/polygon/concept/assets/vendor/fonts/themify-icons/fonts/themifyd41dd41d.eot]
[colorlib.com/polygon/concept/assets/vendor/fonts/themify-icons/fonts/themify.woff]
[colorlib.com/polygon/concept/assets/vendor/fonts/themify-icons/fonts/themify.ttf]
[colorlib.com/polygon/concept/assets/vendor/fonts/themify-icons/themify-icons.css]
[colorlib.com/polygon/concept/assets/vendor/fonts/themify-icons/fonts/themify9f249f24.svg]
[colorlib.com/polygon/concept/assets/vendor/fonts/weather-icons/fonts/weathericons-regular-webfont.eot]
[colorlib.com/polygon/concept/assets/vendor/fonts/weather-icons/fonts/weathericons-regular-webfontd41d.eot]
[colorlib.com/polygon/concept/assets/vendor/fonts/weather-icons/css/weather-icons.min.css]
[jituchauhan.com/wp-content/plugins/contact-form-7/includes/css/stylesaead.css]
[jituchauhan.com/wp-content/themes/jituchauhan/css/bootstrap.min7433.css]
[jituchauhan.com/wp-content/themes/jituchauhan/style5010.css]
[maxcdn.bootstrapcdn.com/font-awesome/4.4.0/css/font-awesome.min5010.css]
[jituchauhan.com/wp-content/plugins/add-to-any/addtoany.mind50e.css]
[jituchauhan.com/wp-content/plugins/template-help-featured-templates/css/style.css]
[jituchauhan.com/wp-content/plugins/template-help-featured-templates/css/preview.css]
[jituchauhan.com/wp-content/plugins/contact-form-7/includes/js/scriptsaead.html]
[jituchauhan.com/wp-content/plugins/mailchimp-for-wp/assets/js/forms-api.min4189.html]
[colorlib.com/polygon/concept/assets/vendor/fonts/simple-line-icons/fonts/Simple-Line-Icons4c824c82.html]
[colorlib.com/polygon/concept/assets/vendor/fonts/simple-line-icons/fonts/Simple-Line-Icons4c824c82.svg]
[colorlib.com/polygon/concept/assets/vendor/fonts/themify-icons/fonts/themify9f249f24.svg]
